{
  "questions": [
    {
      "id": 20,
      "title": "タイトル20",
      "body": "本文20",
      "createdAt": "2020-01-01T00:00:00+09:00",
      "category": {
        "id": 1,
        "name": "カテゴリ1"
      }
    },
    {
      "id": 19,
      "title": "タイトル19",
      "body": "本文19",
      "createdAt": "2020-01-01T00:00:00+09:00",
      "category": {
        "id": 2,
        "name": "カテゴリ2"
      }
    },
    {
      "id": 18,
      "title": "タイトル18",
      "body": "本文18",
      "createdAt": "2020-01-01T00:00:00+09:00",
      "category": {
        "id": 1,
        "name": "カテゴリ1"
      }
    },
    {
      "id": 17,
      "title": "タイトル17",
      "body": "本文17",
      "createdAt": "2020-01-01T00:00:00+09:00",
      "category": {
        "id": 2,
        "name": "カテゴリ2"
      }
    },
    {
      "id": 16,
      "title": "タイトル16",
      "body": "本文16",
      "createdAt": "2020-01-01T00:00:00+09:00",
      "category": {
        "id": 1,
        "name": "カテゴリ1"
      }
    },
    {
      "id": 15,
      "title": "タイトル15",
      "body": "本文15",
      "createdAt": "2020-01-01T00:00:00+09:00",
      "category": {
        "id": 2,
        "name": "カテゴリ2"
      }
    },
    {
      "id": 14,
      "title": "タイトル14",
      "body": "本文14",
      "createdAt": "2020-01-01T00:00:00+09:00",
      "category": {
        "id": 1,
        "name": "カテゴリ1"
      }
    },
    {
      "id": 13,
      "title": "タイトル13",
      "body": "本文13",
      "createdAt": "2020-01-01T00:00:00+09:00",
      "category": {
        "id": 2,
        "name": "カテゴリ2"
      }
    },
    {
      "id": 12,
      "title": "タイトル12",
      "body": "本文12",
      "createdAt": "2020-01-01T00:00:00+09:00",
      "category": {
        "id": 1,
        "name": "カテゴリ1"
      }
    },
    {
      "id": 11,
      "title": "タイトル11",
      "body": "本文11",
      "createdAt": "2020-01-01T00:00:00+09:00",
      "category": {
        "id": 2,
        "name": "カテゴリ2"
      }
    }
  ],
  "totalCount": 20
}
