{
  "questions": [
    {
      "id": 9,
      "title": "タイトル9",
      "body": "本文9",
      "createdAt": "2020-01-01T00:00:00+09:00",
      "category": {
        "id": 2,
        "name": "カテゴリ2"
      }
    },
    {
      "id": 8,
      "title": "タイトル8",
      "body": "本文8",
      "createdAt": "2020-01-01T00:00:00+09:00",
      "category": {
        "id": 1,
        "name": "カテゴリ1"
      }
    },
    {
      "id": 7,
      "title": "タイトル7",
      "body": "本文7",
      "createdAt": "2020-01-01T00:00:00+09:00",
      "category": {
        "id": 2,
        "name": "カテゴリ2"
      }
    },
    {
      "id": 6,
      "title": "タイトル6",
      "body": "本文6",
      "createdAt": "2020-01-01T00:00:00+09:00",
      "category": {
        "id": 1,
        "name": "カテゴリ1"
      }
    },
    {
      "id": 5,
      "title": "タイトル5",
      "body": "本文5",
      "createdAt": "2020-01-01T00:00:00+09:00",
      "category": {
        "id": 2,
        "name": "カテゴリ2"
      }
    },
    {
      "id": 4,
      "title": "タイトル4",
      "body": "本文4",
      "createdAt": "2020-01-01T00:00:00+09:00",
      "category": {
        "id": 1,
        "name": "カテゴリ1"
      }
    },
    {
      "id": 3,
      "title": "タイトル3",
      "body": "本文3",
      "createdAt": "2020-01-01T00:00:00+09:00",
      "category": {
        "id": 2,
        "name": "カテゴリ2"
      }
    },
    {
      "id": 2,
      "title": "タイトル2",
      "body": "本文2",
      "createdAt": "2020-01-01T00:00:00+09:00",
      "category": {
        "id": 1,
        "name": "カテゴリ1"
      }
    },
    {
      "id": 1,
      "title": "タイトル1",
      "body": "本文1",
      "createdAt": "2020-01-01T00:00:00+09:00",
      "category": {
        "id": 2,
        "name": "カテゴリ2"
      }
    }
  ],
  "totalCount": 20
}
